// Jest Snapshot v1, https://goo.gl/fbAQLP

exports[`PrimaryButton component renders correctly 1`] = `
<button
  className="css-eos4vf"
/>
`;
