// Jest Snapshot v1, https://goo.gl/fbAQLP

exports[`SmallCard renders correctly 1`] = `ShallowWrapper {}`;
