// Jest Snapshot v1, https://goo.gl/fbAQLP

exports[`PrimaryLink renders correctly 1`] = `
<a
  class="css-eos4vf"
  href="/"
>
  <span
    class="css-1n2b22m"
    data-testid="primary-link-children"
    data-typography-type="body_1"
  >
    Link
  </span>
</a>
`;
